// Jest Snapshot v1, https://goo.gl/fbAQLP

exports[`config should have a valid structure by default 1`] = `
Object {
  "commands": Array [],
  "dependencies": Object {},
  "haste": Object {
    "platforms": Array [],
    "providesModuleNodeModules": Array [],
  },
  "platforms": Object {
    "android": Object {
      "dependencyConfig": [Function],
      "linkConfig": [Function],
      "projectConfig": [Function],
    },
    "ios": Object {
      "dependencyConfig": [Function],
      "linkConfig": [Function],
      "projectConfig": [Function],
    },
  },
  "reactNativePath": ".",
}
`;
